<!--[--><div class="foo svelte-mnmfn6">foo</div><!--]-->