<!--[--><div class="foo svelte-sg04hs">foo</div><!----> <div class="foo svelte-sg04hs">foo</div><!--]-->